// Jest Snapshot v1, https://goo.gl/fbAQLP

exports[`EntryForm should render with the correct properites 1`] = `
<Redirect
  to="/hosts/1"
/>
`;
