// Jest Snapshot v1, https://goo.gl/fbAQLP

exports[`Header should render with correct data 1`] = `
<Link
  to="/"
>
  <header
    className="app-header"
  >
    Posessed & Dressed
  </header>
</Link>
`;
