// Jest Snapshot v1, https://goo.gl/fbAQLP

exports[`App should render App with correct data 1`] = `
<main
  className="app"
>
  <Route
    exact={true}
    path="/"
    render={[Function]}
  />
</main>
`;
